stm32h750b_discovery_qspi.c:97:9:BSP_QSPI_Init	64	static,ignoring_inline_asm
stm32h750b_discovery_qspi.c:182:9:BSP_QSPI_DeInit	24	static
stm32h750b_discovery_qspi.c:231:26:MX_QSPI_Init	16	static
stm32h750b_discovery_qspi.c:329:9:BSP_QSPI_Read	40	static
stm32h750b_discovery_qspi.c:368:9:BSP_QSPI_Write	56	static
stm32h750b_discovery_qspi.c:437:9:BSP_QSPI_EraseBlock	32	static
stm32h750b_discovery_qspi.c:476:9:BSP_QSPI_EraseChip	24	static
stm32h750b_discovery_qspi.c:516:9:BSP_QSPI_GetStatus	24	static
stm32h750b_discovery_qspi.c:552:9:BSP_QSPI_GetInfo	24	static
stm32h750b_discovery_qspi.c:576:9:BSP_QSPI_EnableMemoryMappedMode	24	static
stm32h750b_discovery_qspi.c:621:9:BSP_QSPI_DisableMemoryMappedMode	32	static
stm32h750b_discovery_qspi.c:672:9:BSP_QSPI_ReadID	24	static
stm32h750b_discovery_qspi.c:702:9:BSP_QSPI_ConfigFlash	24	static
stm32h750b_discovery_qspi.c:789:13:QSPI_MspInit	88	static
stm32h750b_discovery_qspi.c:879:13:QSPI_MspDeInit	16	static
stm32h750b_discovery_qspi.c:915:16:QSPI_ResetMemory	24	static
stm32h750b_discovery_qspi.c:958:16:QSPI_DummyCyclesCfg	80	static
