main.c:173:6:usart_rx_check	2224	static
main.c:331:6:usart_rx_XBEE	1896	static
main.c:466:6:UART_19200	8	static
main.c:500:6:UART_1_idle	16	static
main.c:505:6:UART_2_idle	16	static
main.c:510:6:HAL_UART_TxCpltCallback	16	static
main.c:539:6:GPS_Set_up	8	static
main.c:546:7:Get_GPS_1_data	24	static
main.c:550:7:Get_XBEE_data	24	static
main.c:561:5:main	8	static,ignoring_inline_asm
main.c:692:6:SystemClock_Config	312	static
main.c:790:13:MX_ADC1_Init	48	static
main.c:855:13:MX_ADC3_Init	40	static
main.c:912:13:MX_CRC_Init	8	static
main.c:943:13:MX_DMA2D_Init	8	static
main.c:985:13:MX_LTDC_Init	112	static
main.c:1067:13:MX_QUADSPI_Init	16	static
main.c:1112:13:MX_RTC_Init	8	static
main.c:1147:13:MX_USART1_UART_Init	8	static
main.c:1196:13:MX_USART2_UART_Init	8	static
main.c:1246:13:MX_USART3_UART_Init	8	static
main.c:1294:13:MX_USB_OTG_FS_PCD_Init	8	static
main.c:1328:13:MX_DMA_Init	16	static
main.c:1352:13:MX_FMC_Init	40	static
main.c:1407:13:MX_GPIO_Init	72	static
main.c:1520:13:TouchGFX_Task	16	static
main.c:1538:6:StartGPS_RX	16	static
main.c:1565:6:StartDefaultTask	16	static
main.c:1601:6:StartXbeeTask	16	static
main.c:1630:6:Start_Battery_task	32	static
main.c:1697:6:MPU_Config	24	static
main.c:1790:6:HAL_TIM_PeriodElapsedCallback	16	static
main.c:1807:6:Error_Handler	4	static
