stm32h7xx_it.c:80:6:NMI_Handler	4	static
stm32h7xx_it.c:93:6:HardFault_Handler	8	static
stm32h7xx_it.c:112:6:MemManage_Handler	4	static
stm32h7xx_it.c:127:6:BusFault_Handler	4	static
stm32h7xx_it.c:142:6:UsageFault_Handler	4	static
stm32h7xx_it.c:157:6:DebugMon_Handler	4	static
stm32h7xx_it.c:177:6:DMA1_Stream0_IRQHandler	8	static
stm32h7xx_it.c:191:6:DMA1_Stream1_IRQHandler	8	static
stm32h7xx_it.c:208:6:USART1_IRQHandler	8	static
stm32h7xx_it.c:229:6:USART2_IRQHandler	8	static
stm32h7xx_it.c:249:6:TIM6_DAC_IRQHandler	8	static
stm32h7xx_it.c:263:6:DMA2_Stream0_IRQHandler	8	static
stm32h7xx_it.c:277:6:DMA2_Stream1_IRQHandler	8	static
stm32h7xx_it.c:291:6:LTDC_IRQHandler	8	static
stm32h7xx_it.c:305:6:DMA2D_IRQHandler	8	static
