stm32h7xx_hal_msp.c:71:6:HAL_MspInit	16	static
stm32h7xx_hal_msp.c:94:6:HAL_ADC_MspInit	56	static
stm32h7xx_hal_msp.c:148:6:HAL_ADC_MspDeInit	16	static
stm32h7xx_hal_msp.c:193:6:HAL_CRC_MspInit	24	static
stm32h7xx_hal_msp.c:215:6:HAL_CRC_MspDeInit	16	static
stm32h7xx_hal_msp.c:237:6:HAL_DMA2D_MspInit	24	static
stm32h7xx_hal_msp.c:262:6:HAL_DMA2D_MspDeInit	16	static
stm32h7xx_hal_msp.c:287:6:HAL_LTDC_MspInit	56	static
stm32h7xx_hal_msp.c:381:6:HAL_LTDC_MspDeInit	16	static
stm32h7xx_hal_msp.c:449:6:HAL_QSPI_MspInit	56	static
stm32h7xx_hal_msp.c:531:6:HAL_QSPI_MspDeInit	16	static
stm32h7xx_hal_msp.c:574:6:HAL_RTC_MspInit	16	static
stm32h7xx_hal_msp.c:596:6:HAL_RTC_MspDeInit	16	static
stm32h7xx_hal_msp.c:618:6:HAL_UART_MspInit	64	static
stm32h7xx_hal_msp.c:782:6:HAL_UART_MspDeInit	16	static
stm32h7xx_hal_msp.c:859:6:HAL_PCD_MspInit	48	static
stm32h7xx_hal_msp.c:895:6:HAL_PCD_MspDeInit	16	static
stm32h7xx_hal_msp.c:920:13:HAL_FMC_MspInit	32	static
stm32h7xx_hal_msp.c:1019:6:HAL_SDRAM_MspInit	16	static
stm32h7xx_hal_msp.c:1031:13:HAL_FMC_MspDeInit	8	static
stm32h7xx_hal_msp.c:1103:6:HAL_SDRAM_MspDeInit	16	static
