OSWrappers.cpp:33:6:static void touchgfx::OSWrappers::initialize()	8	static
OSWrappers.cpp:47:6:static void touchgfx::OSWrappers::takeFrameBufferSemaphore()	0	static
OSWrappers.cpp:55:6:static void touchgfx::OSWrappers::giveFrameBufferSemaphore()	0	static
OSWrappers.cpp:67:6:static void touchgfx::OSWrappers::tryTakeFrameBufferSemaphore()	0	static
OSWrappers.cpp:79:6:static void touchgfx::OSWrappers::giveFrameBufferSemaphoreFromISR()	0	static
OSWrappers.cpp:90:6:static void touchgfx::OSWrappers::signalVSync()	0	static
OSWrappers.cpp:99:6:static void touchgfx::OSWrappers::signalRenderingDone()	0	static
OSWrappers.cpp:110:6:static void touchgfx::OSWrappers::waitForVSync()	16	static
OSWrappers.cpp:133:6:static void touchgfx::OSWrappers::taskDelay(uint16_t)	0	static
