stm32h7xx_hal_msp.c:67:6:HAL_MspInit	8	static
stm32h7xx_hal_msp.c:90:6:HAL_CRC_MspInit	8	static
stm32h7xx_hal_msp.c:112:6:HAL_CRC_MspDeInit	0	static
stm32h7xx_hal_msp.c:134:6:HAL_DMA2D_MspInit	16	static
stm32h7xx_hal_msp.c:159:6:HAL_DMA2D_MspDeInit	0	static
stm32h7xx_hal_msp.c:184:6:HAL_LTDC_MspInit	56	static
stm32h7xx_hal_msp.c:278:6:HAL_LTDC_MspDeInit	8	static
stm32h7xx_hal_msp.c:346:6:HAL_QSPI_MspInit	64	static
stm32h7xx_hal_msp.c:428:6:HAL_QSPI_MspDeInit	8	static
stm32h7xx_hal_msp.c:471:6:HAL_RTC_MspInit	0	static
stm32h7xx_hal_msp.c:493:6:HAL_RTC_MspDeInit	0	static
stm32h7xx_hal_msp.c:515:6:HAL_UART_MspInit	56	static
stm32h7xx_hal_msp.c:615:6:HAL_UART_MspDeInit	8	static
stm32h7xx_hal_msp.c:668:6:HAL_PCD_MspInit	40	static
stm32h7xx_hal_msp.c:704:6:HAL_PCD_MspDeInit	0	static
stm32h7xx_hal_msp.c:828:6:HAL_SDRAM_MspInit	48	static
stm32h7xx_hal_msp.c:912:6:HAL_SDRAM_MspDeInit	8	static
